// Jest Snapshot v1, https://goo.gl/fbAQLP

exports[`Pruebas en <PrimeraApp/> debe de mopstrar <PrimeraApp /> correctamente 1`] = `
<Fragment>
  <h1>
    hola soy goku
  </h1>
  <p>
    soy un subtitulo
  </p>
</Fragment>
`;
